# qc_pipeline (output/qc/qc_pipeline.py)
# 2026-09-22T21:51:48.149461

[info] discovered 56 samples
[1/56] CSF_10 ...
[2/56] CSF_16 ...
[3/56] CSF_18 ...
[4/56] CSF_2 ...
[5/56] CSF_21 ...
[6/56] CSF_22 ...
[7/56] CSF_24 ...
[8/56] CSF_25 ...
[9/56] CSF_27 ...
[10/56] CSF_28 ...
[11/56] CSF_29 ...
[12/56] CSF_3 ...
[13/56] CSF_31 ...
[14/56] CSF_32 ...
[15/56] CSF_6 ...
[16/56] CSF_7 ...
[17/56] CSF_8 ...
[18/56] CSF_9 ...
[19/56] PB_10 ...
[20/56] PB_16 ...
[21/56] PB_2 ...
[22/56] PB_22 ...
[23/56] PB_24 ...
[24/56] PB_25 ...
[25/56] PB_27 ...
[26/56] PB_28 ...
[27/56] PB_29 ...
[28/56] PB_3 ...
[29/56] PB_31 ...
[30/56] PB_32 ...
[31/56] PB_6 ...
[32/56] PB_7 ...
[33/56] PB_8 ...
[34/56] PB_9 ...
[35/56] MS19270_CSF ...
[36/56] MS19270_PB ...
[37/56] MS49131_CSF ...
[38/56] MS49131_PB ...
[39/56] MS58637_CSF ...
[40/56] MS60249_CSF ...
[41/56] MS60249_PB ...
[42/56] MS71658_CSF ...
[43/56] MS71658_PB ...
[44/56] MS74594_CSF ...
[45/56] MS74594_PB ...
[46/56] PST83775_CSF ...
[47/56] PST83775_PB ...
[48/56] PST95809_CSF ...
[49/56] PST95809_PB ...
[50/56] PTC32190_CSF ...
[51/56] PTC32190_PB ...
[52/56] PTC41540_CSF ...
[53/56] PTC41540_PB ...
[54/56] PTC45044_CSF ...
[55/56] PTC85037_CSF ...
[56/56] PTC85037_PB ...
[done] wrote qc_metrics.csv, cluster_stability.csv, metadata_audit.csv, qc_summary.json
[done] plots in /Users/remi/Library/Mobile Documents/com~apple~CloudDocs/Work/Papers/Research papers/2026 CXCR3/GitHub/CXCR3-BCell/output/qc/plots
