# FigS7 (output/figures/supp/FigS7.py)
# 2026-09-22T22:00:36.065533

Loaded 14 curated zinc/MT genes: ['SLC39A1', 'SLC39A4', 'SLC39A6', 'SLC39A7', 'SLC39A9', 'SLC39A10', 'SLC39A11', 'SLC39A14', 'SLC30A1', 'SLC30A9', 'MT1E', 'MT1F', 'MT1X', 'MT2A']
Gene signs for composite signature: {'SLC39A1': 1.0, 'SLC39A4': 1.0, 'SLC39A6': 1.0, 'SLC39A7': 1.0, 'SLC39A9': 1.0, 'SLC39A10': 1.0, 'SLC39A11': 1.0, 'SLC39A14': 1.0, 'SLC30A1': 1.0, 'SLC30A9': 1.0, 'MT1E': -1.0, 'MT1F': -1.0, 'MT1X': -1.0, 'MT2A': -1.0}

Running paired DE: CXCR3+ vs CXCR3- CSF, conditions=['MS'] …
    MS: 19 patients w/ CXCR3+, 19 w/ CXCR3-, 19 with BOTH (8059 cells total)
    min_pct=10%: 127/2014 genes retained (4 curated zinc/MT gene(s) kept despite low prevalence)
  127 genes in CXCR3+ vs CXCR3- DE table (MS)
MS CXCR3+ vs CXCR3- bar genes (14/14 of curated panel): ['MT1X', 'MT2A', 'MT1F', 'SLC39A11', 'MT1E', 'SLC39A7', 'SLC39A6', 'SLC39A14', 'SLC30A1', 'SLC39A4', 'SLC30A9', 'SLC39A9', 'SLC39A10', 'SLC39A1']

Running paired DE: CXCR3+ vs CXCR3- CSF, conditions=['HC'] …
    HC: 9 patients w/ CXCR3+, 9 w/ CXCR3-, 9 with BOTH (1592 cells total)
    min_pct=10%: 81/2014 genes retained (9 curated zinc/MT gene(s) kept despite low prevalence)
  81 genes in CXCR3+ vs CXCR3- DE table (HC)
HC CXCR3+ vs CXCR3- bar genes (14/14 of curated panel): ['SLC39A4', 'SLC39A10', 'MT1E', 'SLC30A9', 'SLC39A9', 'SLC39A14', 'SLC30A1', 'SLC39A6', 'SLC39A1', 'SLC39A7', 'SLC39A11', 'MT1F', 'MT1X', 'MT2A']

Signed vs unsigned signature p-values (sanity check):
  HC: signed p=5.703e-01   unsigned p=5.703e-01
  MS: signed p=8.596e-01   unsigned p=1.640e-04

  === Dataset confounding check: CXCR3+ vs CXCR3- paired, CSF, HC, signed signature ===
    [GSE133028] n=3 paired patients: median(CXCR3+ - CXCR3-)=+0.089, Wilcoxon signed-rank p=0.5
    [GSE138266] n=6 paired patients: median(CXCR3+ - CXCR3-)=-0.003, Wilcoxon signed-rank p=1
    [WARNING] Direction of the paired CXCR3+ vs CXCR3- difference is INCONSISTENT across datasets -- investigate before reporting the pooled paired test as dataset-independent.
    Between-dataset comparison of (CXCR3+ - CXCR3-) differences: p=0.548 (not significant -- paired shift magnitude is consistent across datasets)

  === Dataset confounding check: CXCR3+ vs CXCR3- paired, CSF, MS, signed signature ===
    [GSE133028] n=13 paired patients: median(CXCR3+ - CXCR3-)=-0.010, Wilcoxon signed-rank p=0.376
    [GSE138266] n=6 paired patients: median(CXCR3+ - CXCR3-)=+0.027, Wilcoxon signed-rank p=0.438
    [WARNING] Direction of the paired CXCR3+ vs CXCR3- difference is INCONSISTENT across datasets -- investigate before reporting the pooled paired test as dataset-independent.
    Between-dataset comparison of (CXCR3+ - CXCR3-) differences: p=0.21 (not significant -- paired shift magnitude is consistent across datasets)
[HC] PAIRED PATIENT-LEVEL plot: n=9 patient pairs (each line = one patient's CXCR3- -> CXCR3+ trajectory), Wilcoxon signed-rank p=5.703e-01
[MS] PAIRED PATIENT-LEVEL plot: n=19 patient pairs (each line = one patient's CXCR3- -> CXCR3+ trajectory), Wilcoxon signed-rank p=1.640e-04

✓ Figure saved to /Users/remi/Library/Mobile Documents/com~apple~CloudDocs/Work/Papers/Research papers/2026 CXCR3/GitHub/CXCR3-BCell/output/figures/supp/cxcr3_paired_csf/FigS7_CXCR3_CSF_6panel.png and /Users/remi/Library/Mobile Documents/com~apple~CloudDocs/Work/Papers/Research papers/2026 CXCR3/GitHub/CXCR3-BCell/output/figures/supp/cxcr3_paired_csf/FigS7_CXCR3_CSF_6panel.pdf
